2026-07-22 23:24:20 | INFO | Symbols: ['BTC/USDT'] | Timeframe: 1h
2026-07-22 23:24:20 | INFO | Raw → C:\Jay\Jay\AI Projects\iitisoc\WARLOCK-ppo-trained-models-lstm\data\raw | Processed → C:\Jay\Jay\AI Projects\iitisoc\WARLOCK-ppo-trained-models-lstm\data\processed
2026-07-22 23:24:20 | INFO | Downloading BTC/USDT...
2026-07-22 23:24:47 | INFO | Saved BTC data to C:\Jay\Jay\AI Projects\iitisoc\WARLOCK-ppo-trained-models-lstm\data\raw\BTC_raw.parquet
2026-07-22 23:24:47 | INFO |  Cleaning pipeline start: BTC/USDT [1h] 
2026-07-22 23:24:48 | INFO | Loaded 43,828 candles from C:\Jay\Jay\AI Projects\iitisoc\WARLOCK-ppo-trained-models-lstm\data\raw\BTC_raw.parquet
2026-07-22 23:24:48 | INFO | No duplicates found
2026-07-22 23:24:48 | WARNING | Missing candles: 20 out of 43,848 total
2026-07-22 23:24:48 | INFO | Missing candles: 7 short gaps (≤2) → forward-fill
2026-07-22 23:24:48 | INFO | Missing candles: 3 long gaps (>2) → drop
2026-07-22 23:24:48 | WARNING | Missing candles: dropping 5 unfillable rows
2026-07-22 23:24:48 | INFO | Missing candles: 43,843 candles after handling
2026-07-22 23:24:48 | INFO | [wick] 6 anomalous wicks (no symbol column) – timestamps: 2021-05-13 00:00, 2022-09-21 18:00, 2022-12-25 14:00, 2023-01-12 13:00, 2023-09-25 00:00, 2023-10-16 13:00
2026-07-22 23:24:48 | SUCCESS | Wick‑anomaly detection completed – 6 wicks flagged
2026-07-22 23:24:48 | INFO | Saved → C:\Jay\Jay\AI Projects\iitisoc\WARLOCK-ppo-trained-models-lstm\data\processed\BTC_USDT_1h_cleaned.parquet (43,843 rows)
2026-07-22 23:24:48 | INFO | Cleaning Report 
2026-07-22 23:24:48 | INFO |   symbol: BTC/USDT
2026-07-22 23:24:48 | INFO |   raw_candles: 43828
2026-07-22 23:24:48 | INFO |   clean_candles: 43843
2026-07-22 23:24:48 | INFO |   dropped_candles: -15
2026-07-22 23:24:48 | INFO |   wick_anomalies: 6
2026-07-22 23:24:48 | INFO |   date_start: 2020-07-01 00:00:00
2026-07-22 23:24:48 | INFO |   date_end: 2025-07-01 23:00:00
2026-07-22 23:24:48 | INFO |   missing_pct: -0.0342
2026-07-22 23:24:48 | SUCCESS | Cleaning pipeline done: BTC/USDT
2026-07-22 23:24:56 | SUCCESS | 
All feature graphs written to: C:\Jay\Jay\AI Projects\iitisoc\WARLOCK-ppo-trained-models-lstm\graphs\features

2026-07-22 23:24:56 | SUCCESS | 
Feature pipeline completed:
   • Train file: C:\Jay\Jay\AI Projects\iitisoc\WARLOCK-ppo-trained-models-lstm\data\features\train.parquet   (38,660 rows)
   • Test  file: C:\Jay\Jay\AI Projects\iitisoc\WARLOCK-ppo-trained-models-lstm\data\features\test.parquet    (4,345 rows)
   • No data from the test period was used for any computation or tuning.

